Test run at Wed Aug 13 13:39:47 UTC 2025
